<html>
<body>
<pre>
<h1>礦ision Build Log</h1>
<h2>Tool Versions:</h2>
IDE-Version: μVision V5.36.0.0
Copyright (C) 2021 ARM Ltd and ARM Germany GmbH. All rights reserved.
License Information: 123 251500892@qq.com, 123, LIC=21E4T-RAS4M-VESHA-1QPUP-99MMY-06GVQ
 
Tool Versions:
Toolchain:       MDK-ARM Plus  Version: 5.36.0.0
Toolchain Path:  D:\Software\Keil5\ARM\ARMCC\Bin
C Compiler:      Armcc.exe V5.06 update 7 (build 960)
Assembler:       Armasm.exe V5.06 update 7 (build 960)
Linker/Locator:  ArmLink.exe V5.06 update 7 (build 960)
Library Manager: ArmAr.exe V5.06 update 7 (build 960)
Hex Converter:   FromElf.exe V5.06 update 7 (build 960)
CPU DLL:         SARMCM3.DLL V5.36.0.0
Dialog DLL:      DCM.DLL V1.17.3.0
Target DLL:      STLink\ST-LINKIII-KEIL_SWO.dll V3.0.9.0
Dialog DLL:      TCM.DLL V1.53.0.0
 
<h2>Project:</h2>
D:\Study\STM32江科大\STM32Project\3-4 按键控制LED\project.uvprojx
Project File Date:  07/02/2024

<h2>Output:</h2>
*** Using Compiler 'V5.06 update 7 (build 960)', folder: 'D:\Software\Keil5\ARM\ARMCC\Bin'
Build target 'Target 1'
compiling Key.c...
compiling main.c...
.\Hardware\LED.h(4): warning:  #1295-D: Deprecated declaration LED_Init - give arg types
  void LED_Init();
.\Hardware\LED.h(5): warning:  #1295-D: Deprecated declaration LED1_ON - give arg types
  void LED1_ON();
.\Hardware\LED.h(6): warning:  #1295-D: Deprecated declaration LED1_OFF - give arg types
  void LED1_OFF();
.\Hardware\LED.h(7): warning:  #1295-D: Deprecated declaration LED2_ON - give arg types
  void LED2_ON();
.\Hardware\LED.h(8): warning:  #1295-D: Deprecated declaration LED2_OFF - give arg types
  void LED2_OFF();
.\Hardware\LED.h(9): warning:  #1295-D: Deprecated declaration LED1_Turn - give arg types
  void LED1_Turn();
.\Hardware\LED.h(10): warning:  #1295-D: Deprecated declaration LED2_Turn - give arg types
  void LED2_Turn();
.\Hardware\Key.h(6): warning:  #1295-D: Deprecated declaration Key_Init - give arg types
  void Key_Init();
.\Hardware\Key.h(7): warning:  #1295-D: Deprecated declaration Key_GetNum - give arg types
  uint8_t Key_GetNum();
User\main.c: 9 warnings, 0 errors
compiling LED.c...
linking...
Program Size: Code=1416 RO-data=268 RW-data=4 ZI-data=1636  
".\Objects\project.axf" - 0 Error(s), 9 Warning(s).

<h2>Software Packages used:</h2>

Package Vendor: Keil
                http://www.keil.com/pack/Keil.STM32F1xx_DFP.2.3.0.pack
                Keil.STM32F1xx_DFP.2.3.0
                STMicroelectronics STM32F1 Series Device Support, Drivers and Examples

<h2>Collection of Component include folders:</h2>
  C:\Users\25150\AppData\Local\Arm\Packs\Keil\STM32F1xx_DFP\2.3.0\Device\Include

<h2>Collection of Component Files used:</h2>
Build Time Elapsed:  00:00:01
</pre>
</body>
</html>
